Enter password: ****
Welcome to the MySQL monitor.  Commands end with ; or \g.
Your MySQL connection id is 10
Server version: 8.0.19 MySQL Community Server - GPL

Copyright (c) 2000, 2020, Oracle and/or its affiliates. All rights reserved.

Oracle is a registered trademark of Oracle Corporation and/or its
affiliates. Other names may be trademarks of their respective
owners.

Type 'help;' or '\h' for help. Type '\c' to clear the current input statement.

mysql> show databases
    ->
    -> :
    ->
    ->
    ->
    ->
    ->
    ->
    ->
    ->
    ->
    -> ;
ERROR 1064 (42000): You have an error in your SQL syntax; check the manual that corresponds to your MySQL server version for the right syntax to use near ':' at line 3
mysql> show database;
ERROR 1064 (42000): You have an error in your SQL syntax; check the manual that corresponds to your MySQL server version for the right syntax to use near 'database' at line 1
mysql> create database student;
Query OK, 1 row affected (0.01 sec)

mysql> show databases;
+--------------------+
| Database           |
+--------------------+
| information_schema |
| mysql              |
| performance_schema |
| student            |
| sys                |
+--------------------+
5 rows in set (0.01 sec)

mysql> use student;
Database changed
mysql> CREATE DATABASE STUDENTS(
    -> ID INT NOT NULL,
    -> NAME VARCHAR(20) NOT NULL,
    -> AGE INT NOT NULL,
    -> COURSE CHAR(20) NOT NULL,
    -> PRIMARY KEY(ID);
ERROR 1064 (42000): You have an error in your SQL syntax; check the manual that corresponds to your MySQL server version for the right syntax to use near '(
ID INT NOT NULL,
NAME VARCHAR(20) NOT NULL,
AGE INT NOT NULL,
COURSE CHAR(20) ' at line 1
mysql> CREATE DATABASE STUDENTS(
    -> ID INT NOT NULL,
    -> NAME VARCHAR(20) NOT NULL,
    -> AGE INT NOT NULL,
    -> COURSE CHAR(20) NOT NULL,
    -> PRIMARY KEY(ID));
ERROR 1064 (42000): You have an error in your SQL syntax; check the manual that corresponds to your MySQL server version for the right syntax to use near '(
ID INT NOT NULL,
NAME VARCHAR(20) NOT NULL,
AGE INT NOT NULL,
COURSE CHAR(20) ' at line 1
mysql> CREATE DATABASE STUDENTS(,
    -> ID INT NOT NULL,
    -> NAME VARCHAR(20) NOT NULL,
    -> AGE INT NOT NULL,
    -> COURSE CHAR(20) NOT NULL,
    -> PRIMARY KEY(ID));
ERROR 1064 (42000): You have an error in your SQL syntax; check the manual that corresponds to your MySQL server version for the right syntax to use near '(,
ID INT NOT NULL,
NAME VARCHAR(20) NOT NULL,
AGE INT NOT NULL,
COURSE CHAR(20)' at line 1
mysql> CREATE TABLE STUDENTS(
    -> ID INT NOT NULL,
    -> NAME VARCHAR(20) NOT NULL,
    -> AGE INT NOT NULL,
    -> COURSE CHAR(20) NOT NULL,
    -> PRIMARY KEY(ID));
Query OK, 0 rows affected (0.07 sec)

mysql> cd SQLPROJECT
    ->
    -> ;
ERROR 1064 (42000): You have an error in your SQL syntax; check the manual that corresponds to your MySQL server version for the right syntax to use near 'cd SQLPROJECT' at line 1
mysql>